Microchip MPLAB XC8 Compiler V2.46

Linker command line:

-W-3 \
  --edf=C:\Program Files\Microchip\xc8\v2.46\pic\dat\20240104201356_en.msgs \
  -cn -h+dist/default/production\Interrupt_demo.X.production.sym \
  --cmf=dist/default/production\Interrupt_demo.X.production.cmf -z \
  -Q18F4580 -oC:\Users\ASUS\AppData\Local\Temp\xcAsr84.\driver_tmp_3.o \
  --defsym=__MPLAB_BUILD=1 --fixupoverflow=error \
  -Mdist/default/production/Interrupt_demo.X.production.map \
  --md=C:\Users\ASUS\AppData\Local\Temp\xcAsr84.\driver_tmp_0.dat -E1 \
  -ver=XC8 Compiler --acfsm=1493 -ACODE=01400h-07F00h -ACONST=01400h-07F00h \
  -ASMALLCONST=01400h-014FFhx107,07F00h-07F00h -AMEDIUMCONST=01400h-07F00h \
  -ACOMRAM=01h-05Fh -AABS1=00h-05FFh -ABIGRAM=01h-05FFh \
  -ARAM=060h-0FFh,0100h-01FFhx5 -ABANK0=060h-0FFh -ABANK1=0100h-01FFh \
  -ABANK2=0200h-02FFh -ABANK3=0300h-03FFh -ABANK4=0400h-04FFh \
  -ABANK5=0500h-05FFh -ASFR=0D00h-0DFFhx2,0F00h-0F5Fh,0F60h-0FFFh \
  -ABIGSFR=0D00h-0FFFh -ACONFIG=0300000h-030000Dh -AIDLOC=0200000h-0200007h \
  -AEEDATA=0F00000h-0F000FFh -peeprom_data=EEDATA \
  -preset_vec=00h,intcode=8h,intcodelo,powerup,init -pramtop=0600h \
  -psmallconst=SMALLCONST -pmediumconst=MEDIUMCONST -pconst=CONST \
  -AFARRAM=00h-00h \
  -prdata=COMRAM,nvrram=COMRAM,nvbit=COMRAM,rbss=COMRAM,rbit=COMRAM \
  -pfarbss=FARRAM,fardata=FARRAM,nvFARRAM=FARRAM \
  -pintsave_regs=BIGRAM,bigbss=BIGRAM,bigdata=BIGRAM -pbss=RAM \
  -pidata=CODE,irdata=CODE,ibigdata=CODE,ifardata=CODE -prparam=COMRAM \
  C:\Users\ASUS\AppData\Local\Temp\xcAsr84.\driver_tmp_9.o \
  dist/default/production\Interrupt_demo.X.production.o 

Object code version is 3.11

Machine type is 18F4580



                Name                               Link     Load   Length Selector   Space Scale
C:\Users\ASUS\AppData\Local\Temp\xcAsr84.\driver_tmp_9.o
                init                                  E        E        4        4       0
                reset_vec                             0        0        4        0       0
dist/default/production\Interrupt_demo.X.production.o
                intcode                               8        8        6        4       0
                temp                                  9        9        1        1       1
                smallconst                         1400     1400        2      A00       0
                text3                              7E10     7E10       42     3F08       0
                intcode_body                       7DD6     7DD6       3A     3EEB       0
                text1                              7E52     7E52       42     3F29       0
                text0                              7E94     7E94       6C     3F4A       0
                cstackCOMRAM                          1        1        6        1       1
                bssCOMRAM                             7        7        2        1       1
                cinit                              7DC4     7DC4       12     3EE2       0

TOTAL           Name                               Link     Load   Length     Space
        CLASS   CODE           
                intcode                               8        8        6         0
                init                                  E        E        4         0
                reset_vec                             0        0        4         0
                text3                              7E10     7E10       42         0
                intcode_body                       7DD6     7DD6       3A         0
                text1                              7E52     7E52       42         0
                text0                              7E94     7E94       6C         0
                cinit                              7DC4     7DC4       12         0

        CLASS   CONST          

        CLASS   SMALLCONST     
                smallconst                         1400     1400        2         0

        CLASS   MEDIUMCONST    

        CLASS   COMRAM         
                temp                                  9        9        1         1
                cstackCOMRAM                          1        1        6         1
                bssCOMRAM                             7        7        2         1

        CLASS   ABS1           

        CLASS   BIGRAM         

        CLASS   RAM            

        CLASS   BANK0          

        CLASS   BANK1          

        CLASS   BANK2          

        CLASS   BANK3          

        CLASS   BANK4          

        CLASS   BANK5          

        CLASS   SFR            

        CLASS   BIGSFR         

        CLASS   CONFIG         

        CLASS   IDLOC          

        CLASS   EEDATA         

        CLASS   FARRAM         

        CLASS   HEAP           

        CLASS   STACK          



SEGMENTS        Name                           Load    Length   Top    Selector   Space  Class

                reset_vec                      000000  000004  000004         0       0  CODE    
                cstackCOMRAM                   000001  000009  00000A         1       1  COMRAM  
                intcode                        000008  00000A  000012         4       0  CODE    
                smallconst                     001400  000002  001402       A00       0  SMALLCON
                cinit                          007DC4  000012  007DD6      3EE2       0  CODE    
                intcode_body                   007DD6  00003A  007E10      3EEB       0  CODE    
                text3                          007E10  000042  007E52      3F08       0  CODE    
                text1                          007E52  000042  007E94      3F29       0  CODE    
                text0                          007E94  00006C  007F00      3F4A       0  CODE    


UNUSED ADDRESS RANGES

        Name                Unused          Largest block    Delta
        BANK0            0060-00FF             A0
        BANK1            0100-01FF            100
        BANK2            0200-02FF            100
        BANK3            0300-03FF            100
        BANK4            0400-04FF            100
        BANK5            0500-05FF            100
        BIGRAM           000A-05FF            5F6
        BIGSFR           0D00-0FFF            300
        CODE             1402-7DC3           69C2
                         7F00-7F00              1
        COMRAM           000A-005F             56
        CONFIG           300000-30000D              E
        CONST            1402-7DC3           69C2
                         7F00-7F00              1
        EEDATA           F00000-F000FF            100
        IDLOC            200000-200007              8
        MEDIUMCONST      1402-7DC3           69C2
                         7F00-7F00              1
        RAM              0060-05FF            100
        SFR              0D00-0FFF            100
        SMALLCONST       1402-7DC3            100
                         7F00-7F00              1

                                  Symbol Table

_ADCON1                  (abs)        0FC1
_INT0IF                  (abs)        7F91
_INTCON                  (abs)        0FF2
_PORTC                   (abs)        0F82
_T0CON                   (abs)        0FD5
_TMR0                    (abs)        0FD6
_TMR0IF                  (abs)        7F92
_TRISB                   (abs)        0F93
_TRISC                   (abs)        0F94
__HRAM                   (abs)        0000
__H__absolute__          __absolute__ 0000
__Habs1                  abs1         0000
__Hbank0                 bank0        0000
__Hbank1                 bank1        0000
__Hbank2                 bank2        0000
__Hbank3                 bank3        0000
__Hbank4                 bank4        0000
__Hbank5                 bank5        0000
__Hbigbss                bigbss       0000
__Hbigdata               bigdata      0000
__Hbigram                bigram       0000
__Hbigsfr                bigsfr       0000
__Hbss                   bss          0000
__HbssCOMRAM             bssCOMRAM    0000
__Hcinit                 cinit        0000
__Hclrtext               clrtext      0000
__Hcomram                comram       0000
__Hconfig                config       0000
__Hconst                 const        0000
__HcstackCOMRAM          cstackCOMRAM 0000
__Hdata                  data         0000
__Heeprom_data           eeprom_data  0000
__Hfarbss                farbss       0000
__Hfardata               fardata      0000
__Hheap                  heap         0000
__Hibigdata              ibigdata     0000
__Hidata                 idata        0000
__Hidloc                 idloc        0000
__Hifardata              ifardata     0000
__Hinit                  init         0012
__Hintcode               intcode      000E
__Hintcode_body          intcode_body 0000
__Hintcodelo             intcodelo    000E
__Hintentry              intentry     0000
__Hintret                intret       0000
__Hintsave_regs          intsave_regs 0000
__Hirdata                irdata       0000
__Hmediumconst           mediumconst  0000
__HnvFARRAM              nvFARRAM     0000
__Hnvbit                 nvbit        0000
__Hnvrram                nvrram       0000
__Hparam                 rparam       0000
__Hpowerup               powerup      000E
__Hram                   ram          0000
__Hramtop                ramtop       0600
__Hrbit                  rbit         0000
__Hrbss                  rbss         0000
__Hrdata                 rdata        0000
__Hreset_vec             reset_vec    0004
__Hrparam                rparam       0000
__Hsfr                   sfr          0000
__Hsivt_hi               sivt_hi      0000
__Hsivt_lo               sivt_lo      0000
__Hsmallconst            smallconst   1402
__Hspace_0               (abs)        7F00
__Hspace_1               (abs)        000A
__Hspace_2               (abs)        0000
__Hspace_4               (abs)        0000
__Hstack                 stack        0000
__Hstruct                struct       0000
__Htemp                  temp         000A
__Htext                  text         0000
__Htext0                 text0        0000
__Htext1                 text1        0000
__Htext3                 text3        0000
__LRAM                   (abs)        0001
__L__absolute__          __absolute__ 0000
__Labs1                  abs1         0000
__Lbank0                 bank0        0000
__Lbank1                 bank1        0000
__Lbank2                 bank2        0000
__Lbank3                 bank3        0000
__Lbank4                 bank4        0000
__Lbank5                 bank5        0000
__Lbigbss                bigbss       0000
__Lbigdata               bigdata      0000
__Lbigram                bigram       0000
__Lbigsfr                bigsfr       0000
__Lbss                   bss          0000
__LbssCOMRAM             bssCOMRAM    0000
__Lcinit                 cinit        0000
__Lclrtext               clrtext      0000
__Lcomram                comram       0000
__Lconfig                config       0000
__Lconst                 const        0000
__LcstackCOMRAM          cstackCOMRAM 0000
__Ldata                  data         0000
__Leeprom_data           eeprom_data  0000
__Lfarbss                farbss       0000
__Lfardata               fardata      0000
__Lheap                  heap         0000
__Libigdata              ibigdata     0000
__Lidata                 idata        0000
__Lidloc                 idloc        0000
__Lifardata              ifardata     0000
__Linit                  init         000E
__Lintcode               intcode      0008
__Lintcode_body          intcode_body 0000
__Lintcodelo             intcodelo    000E
__Lintentry              intentry     0000
__Lintret                intret       0000
__Lintsave_regs          intsave_regs 0000
__Lirdata                irdata       0000
__Lmediumconst           mediumconst  0000
__LnvFARRAM              nvFARRAM     0000
__Lnvbit                 nvbit        0000
__Lnvrram                nvrram       0000
__Lparam                 rparam       0000
__Lpowerup               powerup      000E
__Lram                   ram          0000
__Lramtop                ramtop       0600
__Lrbit                  rbit         0000
__Lrbss                  rbss         0000
__Lrdata                 rdata        0000
__Lreset_vec             reset_vec    0000
__Lrparam                rparam       0000
__Lsfr                   sfr          0000
__Lsivt_hi               sivt_hi      0000
__Lsivt_lo               sivt_lo      0000
__Lsmallconst            smallconst   1400
__Lspace_0               (abs)        0000
__Lspace_1               (abs)        0000
__Lspace_2               (abs)        0000
__Lspace_4               (abs)        0000
__Lstack                 stack        0000
__Lstruct                struct       0000
__Ltemp                  temp         0009
__Ltext                  text         0000
__Ltext0                 text0        0000
__Ltext1                 text1        0000
__Ltext3                 text3        0000
__S0                     (abs)        7F00
__S1                     (abs)        000A
__S4                     (abs)        0000
__S5                     (abs)        0000
___heap_hi               (abs)        0000
___heap_lo               (abs)        0000
___inthi_sp              stack        0000
___inthi_stack_hi        stack        0000
___inthi_stack_lo        stack        0000
___intlo_sp              stack        0000
___intlo_stack_hi        stack        0000
___intlo_stack_lo        stack        0000
___param_bank            (abs)        0000
___rparam_used           (abs)        0001
___sp                    stack        0000
___stack_hi              stack        0000
___stack_lo              stack        0000
__accesstop              (abs)        0060
__activetblptr           (abs)        0002
__end_of__initialization cinit        7DC8
__end_of_delay           text1        7E94
__end_of_isr             intcode_body 7E10
__end_of_main            text0        7F00
__end_ofi2_delay         text3        7E52
__initialization         cinit        7DC4
__mediumconst            mediumconst  0000
__pbssCOMRAM             bssCOMRAM    0007
__pcinit                 cinit        7DC4
__pcstackCOMRAM          cstackCOMRAM 0001
__pintcode               intcode      0008
__pintcode_body          intcode_body 7DD6
__psmallconst            smallconst   1400
__ptext0                 text0        7E94
__ptext1                 text1        7E52
__ptext3                 text3        7E10
__ramtop                 ramtop       0600
__smallconst             smallconst   1400
_count                   bssCOMRAM    0007
_delay                   text1        7E52
_isr                     intcode      0008
_main                    text0        7E94
btemp                    temp         0009
delay@i                  cstackCOMRAM 0003
end_of_initialization    cinit        7DC8
i2_delay                 text3        7E10
i2delay@i                cstackCOMRAM 0001
int$flags                temp         0009
int_func                 intcode_body 7DD6
intlevel0                text         0000
intlevel1                text         0000
intlevel2                text         0000
intlevel3                text         0000
isa$std                  (abs)        0001
isa$xinst                (abs)        0000
stackhi                  (abs)        0000
stacklo                  (abs)        0000
start                    init         000E
start_initialization     cinit        7DC4
ttemp5                   temp         000A
ttemp6                   temp         000D
ttemp7                   temp         0011
wtemp8                   temp         000A


MODULE INFORMATION

Module		Function		Class		Link	Load	Size
shared
		__initialization		CODE           	7DC4	0000	4
		i2_delay       		CODE           	7E10	0000	66

shared estimated size: 70

Interrupt.c
		_delay         		CODE           	7E52	0000	66
		_main          		CODE           	7E94	0000	108
		_isr           		CODE           	0008	0000	64

Interrupt.c estimated size: 238

