Microchip MPLAB XC8 Compiler V2.46

Linker command line:

-W-3 \
  --edf=C:\Program Files\Microchip\xc8\v2.46\pic\dat\20240104201356_en.msgs \
  -cn -h+dist/default/production\Temp_sens_uart.X.production.sym \
  --cmf=dist/default/production\Temp_sens_uart.X.production.cmf -z \
  -Q18F4580 -oC:\Users\ASUS\AppData\Local\Temp\xcAsgfk.\driver_tmp_3.o \
  --defsym=__MPLAB_BUILD=1 --fixupoverflow=error \
  -Mdist/default/production/Temp_sens_uart.X.production.map \
  --md=C:\Users\ASUS\AppData\Local\Temp\xcAsgfk.\driver_tmp_0.dat -E1 \
  -ver=XC8 Compiler --acfsm=1493 -ACODE=00h-07FFFh -ACONST=00h-07FFFh \
  -ASMALLCONST=0600h-06FFhx122 -AMEDIUMCONST=0600h-07FFFh -ACOMRAM=01h-05Fh \
  -AABS1=00h-05FFh -ABIGRAM=01h-05FFh -ARAM=060h-0FFh,0100h-01FFhx5 \
  -ABANK0=060h-0FFh -ABANK1=0100h-01FFh -ABANK2=0200h-02FFh \
  -ABANK3=0300h-03FFh -ABANK4=0400h-04FFh -ABANK5=0500h-05FFh \
  -ASFR=0D00h-0DFFhx2,0F00h-0F5Fh,0F60h-0FFFh -ABIGSFR=0D00h-0FFFh \
  -ACONFIG=0300000h-030000Dh -AIDLOC=0200000h-0200007h \
  -AEEDATA=0F00000h-0F000FFh -peeprom_data=EEDATA \
  -preset_vec=00h,intcode,sivt_hi,intcodelo,sivt_lo,powerup,init \
  -pramtop=0600h -psmallconst=SMALLCONST -pmediumconst=MEDIUMCONST \
  -pconst=CONST -AFARRAM=00h-00h \
  -prdata=COMRAM,nvrram=COMRAM,nvbit=COMRAM,rbss=COMRAM,rbit=COMRAM \
  -pfarbss=FARRAM,fardata=FARRAM,nvFARRAM=FARRAM \
  -pintsave_regs=BIGRAM,bigbss=BIGRAM,bigdata=BIGRAM -pbss=RAM \
  -pidata=CODE,irdata=CODE,ibigdata=CODE,ifardata=CODE -prparam=COMRAM \
  C:\Users\ASUS\AppData\Local\Temp\xcAsgfk.\driver_tmp_14.o \
  dist/default/production\Temp_sens_uart.X.production.o 

Object code version is 3.11

Machine type is 18F4580



                Name                               Link     Load   Length Selector   Space Scale
C:\Users\ASUS\AppData\Local\Temp\xcAsgfk.\driver_tmp_14.o
                init                                  0        0        4        0       0
dist/default/production\Temp_sens_uart.X.production.o
                smallconst                          600      600        C      300       0
                text13                              60C      60C      42A      306       0
                text12                              EAA      EAA      106      306       0
                text11                              A36      A36      1B4      306       0
                text10                             11CE     11CE       48      306       0
                text9                               FB0      FB0       C4      306       0
                text8                              1074     1074       B0      306       0
                text7                              1284     1284       34      306       0
                text6                              12F6     12F6        2      306       0
                text5                              1124     1124       AA      306       0
                text4                               BEA      BEA      1A8      306       0
                text3                              1216     1216       3A      306       0
                text2                              1250     1250       34      306       0
                text1                              12DE     12DE       18      306       0
                text0                               D92      D92      118      306       0
                cstackCOMRAM                          1        1       42        1       1
                bssBANK0                             60       60       20       60       1
                bssCOMRAM                            43       43        B        1       1
                cinit                              12B8     12B8       26      306       0

TOTAL           Name                               Link     Load   Length     Space
        CLASS   CODE           
                init                                  0        0        4         0
                text13                              60C      60C      42A         0
                text12                              EAA      EAA      106         0
                text11                              A36      A36      1B4         0
                text10                             11CE     11CE       48         0
                text9                               FB0      FB0       C4         0
                text8                              1074     1074       B0         0
                text7                              1284     1284       34         0
                text6                              12F6     12F6        2         0
                text5                              1124     1124       AA         0
                text4                               BEA      BEA      1A8         0
                text3                              1216     1216       3A         0
                text2                              1250     1250       34         0
                text1                              12DE     12DE       18         0
                text0                               D92      D92      118         0
                cinit                              12B8     12B8       26         0

        CLASS   CONST          

        CLASS   SMALLCONST     
                smallconst                          600      600        C         0

        CLASS   MEDIUMCONST    

        CLASS   COMRAM         
                cstackCOMRAM                          1        1       42         1
                bssCOMRAM                            43       43        B         1

        CLASS   ABS1           

        CLASS   BIGRAM         

        CLASS   RAM            

        CLASS   BANK0          
                bssBANK0                             60       60       20         1

        CLASS   BANK1          

        CLASS   BANK2          

        CLASS   BANK3          

        CLASS   BANK4          

        CLASS   BANK5          

        CLASS   SFR            

        CLASS   BIGSFR         

        CLASS   CONFIG         

        CLASS   IDLOC          

        CLASS   EEDATA         

        CLASS   FARRAM         

        CLASS   HEAP           

        CLASS   STACK          



SEGMENTS        Name                           Load    Length   Top    Selector   Space  Class

                reset_vec                      000000  000004  000004         0       0  CODE    
                cstackCOMRAM                   000001  00004D  00004E         1       1  COMRAM  
                bssBANK0                       000060  000020  000080        60       1  BANK0   
                smallconst                     000600  00000C  00060C       300       0  SMALLCON
                text13                         00060C  000CEC  0012F8       306       0  CODE    


UNUSED ADDRESS RANGES

        Name                Unused          Largest block    Delta
        BANK0            0080-00FF             80
        BANK1            0100-01FF            100
        BANK2            0200-02FF            100
        BANK3            0300-03FF            100
        BANK4            0400-04FF            100
        BANK5            0500-05FF            100
        BIGRAM           004E-005F             12
                         0080-05FF            580
        BIGSFR           0D00-0FFF            300
        CODE             0004-05FF            5FC
                         12F8-7FFF           6D08
        COMRAM           004E-005F             12
        CONFIG           300000-30000D              E
        CONST            0004-05FF            5FC
                         12F8-7FFF           6D08
        EEDATA           F00000-F000FF            100
        IDLOC            200000-200007              8
        MEDIUMCONST      12F8-7FFF           6D08
        RAM              0080-05FF            100
        SFR              0D00-0FFF            100
        SMALLCONST       12F8-7FFF            100

                                  Symbol Table

?___awdiv                cstackCOMRAM 0001
?___awmod                cstackCOMRAM 0001
?___flmul                cstackCOMRAM 000F
?___fltol                cstackCOMRAM 0028
?___xxtofl               cstackCOMRAM 0001
?_abs                    cstackCOMRAM 0007
?_sprintf                cstackCOMRAM 001A
?_vfprintf               cstackCOMRAM 0016
_ADCON0                  (abs)        0FC2
_ADCON1                  (abs)        0FC1
_ADCON2                  (abs)        0FC0
_ADIF                    (abs)        7CF6
_ADRES                   (abs)        0FC3
_GO                      (abs)        7E11
_PORTD                   (abs)        0F83
_RC0                     (abs)        7C10
_RC1                     (abs)        7C11
_RC2                     (abs)        7C12
_RCSTA                   (abs)        0FAB
_SPBRG                   (abs)        0FAF
_TRISA                   (abs)        0F92
_TRISC                   (abs)        0F94
_TXIF                    (abs)        7CF4
_TXREG                   (abs)        0FAD
_TXSTA                   (abs)        0FAC
__HRAM                   (abs)        0000
__H__absolute__          __absolute__ 0000
__Habs1                  abs1         0000
__Hbank0                 bank0        0000
__Hbank1                 bank1        0000
__Hbank2                 bank2        0000
__Hbank3                 bank3        0000
__Hbank4                 bank4        0000
__Hbank5                 bank5        0000
__Hbigbss                bigbss       0000
__Hbigdata               bigdata      0000
__Hbigram                bigram       0000
__Hbigsfr                bigsfr       0000
__Hbss                   bss          0000
__HbssBANK0              bssBANK0     0000
__HbssCOMRAM             bssCOMRAM    0000
__Hcinit                 cinit        0000
__Hclrtext               clrtext      0000
__Hcomram                comram       0000
__Hconfig                config       0000
__Hconst                 const        0000
__HcstackCOMRAM          cstackCOMRAM 0000
__Hdata                  data         0000
__Heeprom_data           eeprom_data  0000
__Hfarbss                farbss       0000
__Hfardata               fardata      0000
__Hheap                  heap         0000
__Hibigdata              ibigdata     0000
__Hidata                 idata        0000
__Hidloc                 idloc        0000
__Hifardata              ifardata     0000
__Hinit                  init         0004
__Hintcode               intcode      0000
__Hintcode_body          intcode_body 0000
__Hintcodelo             intcodelo    0000
__Hintentry              intentry     0000
__Hintret                intret       0000
__Hintsave_regs          intsave_regs 0000
__Hirdata                irdata       0000
__Hmediumconst           mediumconst  0000
__HnvFARRAM              nvFARRAM     0000
__Hnvbit                 nvbit        0000
__Hnvrram                nvrram       0000
__Hparam                 rparam       0000
__Hpowerup               powerup      0000
__Hram                   ram          0000
__Hramtop                ramtop       0600
__Hrbit                  rbit         0000
__Hrbss                  rbss         0000
__Hrdata                 rdata        0000
__Hreset_vec             reset_vec    0000
__Hrparam                rparam       0000
__Hsfr                   sfr          0000
__Hsivt_hi               sivt_hi      0000
__Hsivt_lo               sivt_lo      0000
__Hsmallconst            smallconst   060C
__Hspace_0               (abs)        12F8
__Hspace_1               (abs)        0080
__Hspace_2               (abs)        0000
__Hspace_4               (abs)        0000
__Hstack                 stack        0000
__Hstruct                struct       0000
__Htemp                  temp         0000
__Htext                  text         0000
__Htext0                 text0        0000
__Htext1                 text1        0000
__Htext10                text10       0000
__Htext11                text11       0000
__Htext12                text12       0000
__Htext13                text13       0000
__Htext2                 text2        0000
__Htext3                 text3        0000
__Htext4                 text4        0000
__Htext5                 text5        0000
__Htext6                 text6        0000
__Htext7                 text7        0000
__Htext8                 text8        0000
__Htext9                 text9        0000
__LRAM                   (abs)        0001
__L__absolute__          __absolute__ 0000
__Labs1                  abs1         0000
__Lbank0                 bank0        0000
__Lbank1                 bank1        0000
__Lbank2                 bank2        0000
__Lbank3                 bank3        0000
__Lbank4                 bank4        0000
__Lbank5                 bank5        0000
__Lbigbss                bigbss       0000
__Lbigdata               bigdata      0000
__Lbigram                bigram       0000
__Lbigsfr                bigsfr       0000
__Lbss                   bss          0000
__LbssBANK0              bssBANK0     0000
__LbssCOMRAM             bssCOMRAM    0000
__Lcinit                 cinit        0000
__Lclrtext               clrtext      0000
__Lcomram                comram       0000
__Lconfig                config       0000
__Lconst                 const        0000
__LcstackCOMRAM          cstackCOMRAM 0000
__Ldata                  data         0000
__Leeprom_data           eeprom_data  0000
__Lfarbss                farbss       0000
__Lfardata               fardata      0000
__Lheap                  heap         0000
__Libigdata              ibigdata     0000
__Lidata                 idata        0000
__Lidloc                 idloc        0000
__Lifardata              ifardata     0000
__Linit                  init         0000
__Lintcode               intcode      0000
__Lintcode_body          intcode_body 0000
__Lintcodelo             intcodelo    0000
__Lintentry              intentry     0000
__Lintret                intret       0000
__Lintsave_regs          intsave_regs 0000
__Lirdata                irdata       0000
__Lmediumconst           mediumconst  0000
__LnvFARRAM              nvFARRAM     0000
__Lnvbit                 nvbit        0000
__Lnvrram                nvrram       0000
__Lparam                 rparam       0000
__Lpowerup               powerup      0000
__Lram                   ram          0000
__Lramtop                ramtop       0600
__Lrbit                  rbit         0000
__Lrbss                  rbss         0000
__Lrdata                 rdata        0000
__Lreset_vec             reset_vec    0000
__Lrparam                rparam       0000
__Lsfr                   sfr          0000
__Lsivt_hi               sivt_hi      0000
__Lsivt_lo               sivt_lo      0000
__Lsmallconst            smallconst   0600
__Lspace_0               (abs)        0000
__Lspace_1               (abs)        0000
__Lspace_2               (abs)        0000
__Lspace_4               (abs)        0000
__Lstack                 stack        0000
__Lstruct                struct       0000
__Ltemp                  temp         0000
__Ltext                  text         0000
__Ltext0                 text0        0000
__Ltext1                 text1        0000
__Ltext10                text10       0000
__Ltext11                text11       0000
__Ltext12                text12       0000
__Ltext13                text13       0000
__Ltext2                 text2        0000
__Ltext3                 text3        0000
__Ltext4                 text4        0000
__Ltext5                 text5        0000
__Ltext6                 text6        0000
__Ltext7                 text7        0000
__Ltext8                 text8        0000
__Ltext9                 text9        0000
__S0                     (abs)        12F8
__S1                     (abs)        0080
__S4                     (abs)        0000
__S5                     (abs)        0000
___awdiv                 text9        0FB0
___awdiv@counter         cstackCOMRAM 0005
___awdiv@dividend        cstackCOMRAM 0001
___awdiv@divisor         cstackCOMRAM 0003
___awdiv@quotient        cstackCOMRAM 0007
___awdiv@sign            cstackCOMRAM 0006
___awmod                 text8        1074
___awmod@counter         cstackCOMRAM 0005
___awmod@dividend        cstackCOMRAM 0001
___awmod@divisor         cstackCOMRAM 0003
___awmod@sign            cstackCOMRAM 0006
___flmul                 text13       060C
___flmul@a               cstackCOMRAM 0013
___flmul@aexp            cstackCOMRAM 0020
___flmul@b               cstackCOMRAM 000F
___flmul@bexp            cstackCOMRAM 0021
___flmul@grs             cstackCOMRAM 001C
___flmul@prod            cstackCOMRAM 0022
___flmul@sign            cstackCOMRAM 001B
___flmul@temp            cstackCOMRAM 0026
___fltol                 text12       0EAA
___fltol@exp1            cstackCOMRAM 0031
___fltol@f1              cstackCOMRAM 0028
___fltol@sign1           cstackCOMRAM 0030
___heap_hi               (abs)        0000
___heap_lo               (abs)        0000
___inthi_sp              stack        0000
___inthi_stack_hi        stack        0000
___inthi_stack_lo        stack        0000
___intlo_sp              stack        0000
___intlo_stack_hi        stack        0000
___intlo_stack_lo        stack        0000
___param_bank            (abs)        0000
___rparam_used           (abs)        0001
___sp                    stack        0000
___stack_hi              stack        0000
___stack_lo              stack        0000
___xxtofl                text11       0A36
___xxtofl@arg            cstackCOMRAM 000B
___xxtofl@exp            cstackCOMRAM 000A
___xxtofl@sign           cstackCOMRAM 0009
___xxtofl@val            cstackCOMRAM 0001
__accesstop              (abs)        0060
__activetblptr           (abs)        0001
__end_of___awdiv         text9        1074
__end_of___awmod         text8        1124
__end_of___flmul         text13       0A36
__end_of___fltol         text12       0FB0
__end_of___xxtofl        text11       0BEA
__end_of__initialization cinit        12D0
__end_of_abs             text7        12B8
__end_of_delay           text10       1216
__end_of_fputc           text5        11CE
__end_of_main            text0        0EAA
__end_of_putch           text6        12F8
__end_of_sprintf         text2        1284
__end_of_uart_tx         text1        12F6
__end_of_vfpfcnvrt       text4        0D92
__end_of_vfprintf        text3        1250
__initialization         cinit        12B8
__mediumconst            mediumconst  0000
__pbssBANK0              bssBANK0     0060
__pbssCOMRAM             bssCOMRAM    0043
__pcinit                 cinit        12B8
__pcstackCOMRAM          cstackCOMRAM 0001
__psmallconst            smallconst   0600
__ptext0                 text0        0D92
__ptext1                 text1        12DE
__ptext10                text10       11CE
__ptext11                text11       0A36
__ptext12                text12       0EAA
__ptext13                text13       060C
__ptext2                 text2        1250
__ptext3                 text3        1216
__ptext4                 text4        0BEA
__ptext5                 text5        1124
__ptext6                 text6        12F6
__ptext7                 text7        1284
__ptext8                 text8        1074
__ptext9                 text9        0FB0
__ramtop                 ramtop       0600
__smallconst             smallconst   0600
_abs                     text7        1284
_adc                     bssCOMRAM    004B
_dbuf                    bssBANK0     0060
_delay                   text10       11CE
_flags                   bssCOMRAM    004D
_fputc                   text5        1124
_main                    text0        0D92
_prec                    bssCOMRAM    0045
_putch                   text6        12F6
_result                  bssCOMRAM    0049
_sprintf                 text2        1250
_temp                    bssCOMRAM    0047
_uart_tx                 text1        12DE
_vfpfcnvrt               text4        0BEA
_vfprintf                text3        1216
_width                   bssCOMRAM    0043
abs@a                    cstackCOMRAM 0007
delay@i                  cstackCOMRAM 0006
delay@j                  cstackCOMRAM 0001
end_of_initialization    cinit        12D0
fputc@c                  cstackCOMRAM 0001
fputc@fp                 cstackCOMRAM 0003
intlevel0                text         0000
intlevel1                text         0000
intlevel2                text         0000
intlevel3                text         0000
isa$std                  (abs)        0001
isa$xinst                (abs)        0000
main@cnv                 cstackCOMRAM 0032
main@i                   cstackCOMRAM 0041
sprintf@ap               cstackCOMRAM 001E
sprintf@f                cstackCOMRAM 001F
sprintf@fmt              cstackCOMRAM 001B
sprintf@s                cstackCOMRAM 001A
stackhi                  (abs)        0000
stacklo                  (abs)        0000
start                    init         0000
start_initialization     cinit        12B8
uart_tx@a                cstackCOMRAM 0001
vfpfcnvrt@ap             cstackCOMRAM 000D
vfpfcnvrt@c              cstackCOMRAM 0015
vfpfcnvrt@convarg        cstackCOMRAM 0011
vfpfcnvrt@cp             cstackCOMRAM 0010
vfpfcnvrt@done           cstackCOMRAM 000F
vfpfcnvrt@fmt            cstackCOMRAM 000C
vfpfcnvrt@fp             cstackCOMRAM 000B
vfprintf@ap              cstackCOMRAM 0018
vfprintf@cfmt            cstackCOMRAM 0019
vfprintf@fmt             cstackCOMRAM 0017
vfprintf@fp              cstackCOMRAM 0016


MODULE INFORMATION

Module		Function		Class		Link	Load	Size
C:\Program Files\Microchip\xc8\v2.46\pic\sources\c99\common\fltol.c
		___fltol       		CODE           	0EAA	0000	262

C:\Program Files\Microchip\xc8\v2.46\pic\sources\c99\common\fltol.c estimated size: 262

C:\Program Files\Microchip\xc8\v2.46\pic\sources\c99\common\nf_fputc.c
		_fputc         		CODE           	1124	0000	170

C:\Program Files\Microchip\xc8\v2.46\pic\sources\c99\common\nf_fputc.c estimated size: 170

C:\Program Files\Microchip\xc8\v2.46\pic\sources\c99\common\awdiv.c
		___awdiv       		CODE           	0FB0	0000	196

C:\Program Files\Microchip\xc8\v2.46\pic\sources\c99\common\awdiv.c estimated size: 196

C:\Program Files\Microchip\xc8\v2.46\pic\sources\c99\common\xxtofl.c
		___xxtofl      		CODE           	0A36	0000	436

C:\Program Files\Microchip\xc8\v2.46\pic\sources\c99\common\xxtofl.c estimated size: 436

C:\Program Files\Microchip\xc8\v2.46\pic\sources\c99\common\sprcmul.c
		___flmul       		CODE           	060C	0000	1066

C:\Program Files\Microchip\xc8\v2.46\pic\sources\c99\common\sprcmul.c estimated size: 1066

C:\Program Files\Microchip\xc8\v2.46\pic\sources\c99\common\doprnt.c
		_vfpfcnvrt     		CODE           	0BEA	0000	424
		_vfprintf      		CODE           	1216	0000	58

C:\Program Files\Microchip\xc8\v2.46\pic\sources\c99\common\doprnt.c estimated size: 482

C:\Program Files\Microchip\xc8\v2.46\pic\sources\c99\common\nf_sprintf.c
		_sprintf       		CODE           	1250	0000	52

C:\Program Files\Microchip\xc8\v2.46\pic\sources\c99\common\nf_sprintf.c estimated size: 52

shared
		__initialization		CODE           	12B8	0000	24

shared estimated size: 24

C:\Program Files\Microchip\xc8\v2.46\pic\sources\c99\common\putch.c
		_putch         		CODE           	12F6	0000	2

C:\Program Files\Microchip\xc8\v2.46\pic\sources\c99\common\putch.c estimated size: 2

Temp_sens_uart.c
		_uart_tx       		CODE           	12DE	0000	24
		_delay         		CODE           	11CE	0000	72
		_main          		CODE           	0D92	0000	280

Temp_sens_uart.c estimated size: 376

C:\Program Files\Microchip\xc8\v2.46\pic\sources\c99\common\abs.c
		_abs           		CODE           	1284	0000	52

C:\Program Files\Microchip\xc8\v2.46\pic\sources\c99\common\abs.c estimated size: 52

C:\Program Files\Microchip\xc8\v2.46\pic\sources\c99\common\awmod.c
		___awmod       		CODE           	1074	0000	176

C:\Program Files\Microchip\xc8\v2.46\pic\sources\c99\common\awmod.c estimated size: 176

