Microchip MPLAB XC8 Compiler V2.46

Linker command line:

-W-3 \
  --edf=C:\Program Files\Microchip\xc8\v2.46\pic\dat\20240104201356_en.msgs \
  -cn -h+dist/default/debug\ADC.X.debug.sym \
  --cmf=dist/default/debug\ADC.X.debug.cmf -z -Q18F4580 \
  -oC:\Users\ASUS\AppData\Local\Temp\xcAsa0s.\driver_tmp_3.o \
  --defsym=__MPLAB_BUILD=1 --fixupoverflow=error \
  -Mdist/default/debug/ADC.X.debug.map \
  --md=C:\Users\ASUS\AppData\Local\Temp\xcAsa0s.\driver_tmp_0.dat -E1 \
  -ver=XC8 Compiler --acfsm=1493 -ACODE=00h-07FFFh -ACONST=00h-07FFFh \
  -ASMALLCONST=0600h-06FFhx122 -AMEDIUMCONST=0600h-07FFFh -ACOMRAM=01h-05Fh \
  -AABS1=00h-05FFh -ABIGRAM=01h-05FFh -ARAM=060h-0FFh,0100h-01FFhx5 \
  -ABANK0=060h-0FFh -ABANK1=0100h-01FFh -ABANK2=0200h-02FFh \
  -ABANK3=0300h-03FFh -ABANK4=0400h-04FFh -ABANK5=0500h-05FFh \
  -ASFR=0D00h-0DFFhx2,0F00h-0F5Fh,0F60h-0FFFh -ABIGSFR=0D00h-0FFFh \
  -ACONFIG=0300000h-030000Dh -AIDLOC=0200000h-0200007h \
  -AEEDATA=0F00000h-0F000FFh -peeprom_data=EEDATA \
  -preset_vec=00h,intcode,sivt_hi,intcodelo,sivt_lo,powerup,init \
  -pramtop=0600h -psmallconst=SMALLCONST -pmediumconst=MEDIUMCONST \
  -pconst=CONST -AFARRAM=00h-00h \
  -prdata=COMRAM,nvrram=COMRAM,nvbit=COMRAM,rbss=COMRAM,rbit=COMRAM \
  -pfarbss=FARRAM,fardata=FARRAM,nvFARRAM=FARRAM \
  -pintsave_regs=BIGRAM,bigbss=BIGRAM,bigdata=BIGRAM -pbss=RAM \
  -pidata=CODE,irdata=CODE,ibigdata=CODE,ifardata=CODE -prparam=COMRAM \
  C:\Users\ASUS\AppData\Local\Temp\xcAsa0s.\driver_tmp_14.o \
  dist/default/debug\ADC.X.debug.o 

Object code version is 3.11

Machine type is 18F4580



                Name                               Link     Load   Length Selector   Space Scale
C:\Users\ASUS\AppData\Local\Temp\xcAsa0s.\driver_tmp_14.o
                init                                  0        0        4        0       0
dist/default/debug\ADC.X.debug.o
                smallconst                          600      600        6      300       0
                text15                              D78      D78       48      303       0
                text14                              9D8      9D8       B6      303       0
                text13                              854      854       C4      303       0
                text12                              A8E      A8E       B0      303       0
                text11                              E6E      E6E       34      303       0
                text10                              ED6      ED6        2      303       0
                text9                               B3E      B3E       AA      303       0
                text8                               DFE      DFE       3C      303       0
                text7                               C8E      C8E       8A      303       0
                text6                               606      606      140      303       0
                text5                               EA2      EA2       26      303       0
                text4                               BE8      BE8       A6      303       0
                text3                               746      746      10E      303       0
                text2                               DC0      DC0       3E      303       0
                text1                               E3A      E3A       34      303       0
                text0                               918      918       C0      303       0
                cstackCOMRAM                          1        1       51        1       1
                dataBANK0                            80       80        A       60       1
                bssBANK0                             60       60       20       60       1
                dataCOMRAM                           57       57        4        1       1
                bssCOMRAM                            52       52        5        1       1
                cinit                               D18      D18       60      303       0
                idataBANK0                          EC8      EC8        A      303       0
                idataCOMRAM                         ED2      ED2        4      303       0

TOTAL           Name                               Link     Load   Length     Space
        CLASS   CODE           
                init                                  0        0        4         0
                text15                              D78      D78       48         0
                text14                              9D8      9D8       B6         0
                text13                              854      854       C4         0
                text12                              A8E      A8E       B0         0
                text11                              E6E      E6E       34         0
                text10                              ED6      ED6        2         0
                text9                               B3E      B3E       AA         0
                text8                               DFE      DFE       3C         0
                text7                               C8E      C8E       8A         0
                text6                               606      606      140         0
                text5                               EA2      EA2       26         0
                text4                               BE8      BE8       A6         0
                text3                               746      746      10E         0
                text2                               DC0      DC0       3E         0
                text1                               E3A      E3A       34         0
                text0                               918      918       C0         0
                cinit                               D18      D18       60         0
                idataBANK0                          EC8      EC8        A         0
                idataCOMRAM                         ED2      ED2        4         0

        CLASS   CONST          

        CLASS   SMALLCONST     
                smallconst                          600      600        6         0

        CLASS   MEDIUMCONST    

        CLASS   COMRAM         
                cstackCOMRAM                          1        1       51         1
                dataCOMRAM                           57       57        4         1
                bssCOMRAM                            52       52        5         1

        CLASS   ABS1           

        CLASS   BIGRAM         

        CLASS   RAM            

        CLASS   BANK0          
                dataBANK0                            80       80        A         1
                bssBANK0                             60       60       20         1

        CLASS   BANK1          

        CLASS   BANK2          

        CLASS   BANK3          

        CLASS   BANK4          

        CLASS   BANK5          

        CLASS   SFR            

        CLASS   BIGSFR         

        CLASS   CONFIG         

        CLASS   IDLOC          

        CLASS   EEDATA         

        CLASS   FARRAM         

        CLASS   HEAP           

        CLASS   STACK          



SEGMENTS        Name                           Load    Length   Top    Selector   Space  Class

                reset_vec                      000000  000004  000004         0       0  CODE    
                cstackCOMRAM                   000001  00005A  00005B         1       1  COMRAM  
                bssBANK0                       000060  00002A  00008A        60       1  BANK0   
                smallconst                     000600  000006  000606       300       0  SMALLCON
                text6                          000606  0008D2  000ED8       303       0  CODE    


UNUSED ADDRESS RANGES

        Name                Unused          Largest block    Delta
        BANK0            008A-00FF             76
        BANK1            0100-01FF            100
        BANK2            0200-02FF            100
        BANK3            0300-03FF            100
        BANK4            0400-04FF            100
        BANK5            0500-05FF            100
        BIGRAM           005B-005F              5
                         008A-05FF            576
        BIGSFR           0D00-0FFF            300
        CODE             0004-05FF            5FC
                         0ED8-7FFF           7128
        COMRAM           005B-005F              5
        CONFIG           300000-30000D              E
        CONST            0004-05FF            5FC
                         0ED8-7FFF           7128
        EEDATA           F00000-F000FF            100
        IDLOC            200000-200007              8
        MEDIUMCONST      0ED8-7FFF           7128
        RAM              008A-05FF            100
        SFR              0D00-0FFF            100
        SMALLCONST       0ED8-7FFF            100

                                  Symbol Table

?___awdiv                   cstackCOMRAM 0001
?___awmod                   cstackCOMRAM 0001
?___wmul                    cstackCOMRAM 0001
?_abs                       cstackCOMRAM 0007
?_read_prec_or_width        cstackCOMRAM 0007
?_sprintf                   cstackCOMRAM 002C
?_vfprintf                  cstackCOMRAM 0028
_ADCON0                     (abs)        0FC2
_ADCON1                     (abs)        0FC1
_ADCON2                     (abs)        0FC0
_ADIF                       (abs)        7CF6
_ADRES                      (abs)        0FC3
_GO                         (abs)        7E11
_PORTC                      (abs)        0F82
_PORTD                      (abs)        0F83
_TRISC                      (abs)        0F94
_TRISD                      (abs)        0F95
__HRAM                      (abs)        0000
__H__absolute__             __absolute__ 0000
__Habs1                     abs1         0000
__Hbank0                    bank0        0000
__Hbank1                    bank1        0000
__Hbank2                    bank2        0000
__Hbank3                    bank3        0000
__Hbank4                    bank4        0000
__Hbank5                    bank5        0000
__Hbigbss                   bigbss       0000
__Hbigdata                  bigdata      0000
__Hbigram                   bigram       0000
__Hbigsfr                   bigsfr       0000
__Hbss                      bss          0000
__HbssBANK0                 bssBANK0     0000
__HbssCOMRAM                bssCOMRAM    0000
__Hcinit                    cinit        0000
__Hclrtext                  clrtext      0000
__Hcomram                   comram       0000
__Hconfig                   config       0000
__Hconst                    const        0000
__HcstackCOMRAM             cstackCOMRAM 0000
__Hdata                     data         0000
__HdataBANK0                dataBANK0    0000
__HdataCOMRAM               dataCOMRAM   0000
__Heeprom_data              eeprom_data  0000
__Hfarbss                   farbss       0000
__Hfardata                  fardata      0000
__Hheap                     heap         0000
__Hibigdata                 ibigdata     0000
__Hidata                    idata        0000
__HidataBANK0               idataBANK0   0000
__HidataCOMRAM              idataCOMRAM  0000
__Hidloc                    idloc        0000
__Hifardata                 ifardata     0000
__Hinit                     init         0004
__Hintcode                  intcode      0000
__Hintcode_body             intcode_body 0000
__Hintcodelo                intcodelo    0000
__Hintentry                 intentry     0000
__Hintret                   intret       0000
__Hintsave_regs             intsave_regs 0000
__Hirdata                   irdata       0000
__Hmediumconst              mediumconst  0000
__HnvFARRAM                 nvFARRAM     0000
__Hnvbit                    nvbit        0000
__Hnvrram                   nvrram       0000
__Hparam                    rparam       0000
__Hpowerup                  powerup      0000
__Hram                      ram          0000
__Hramtop                   ramtop       0600
__Hrbit                     rbit         0000
__Hrbss                     rbss         0000
__Hrdata                    rdata        0000
__Hreset_vec                reset_vec    0000
__Hrparam                   rparam       0000
__Hsfr                      sfr          0000
__Hsivt_hi                  sivt_hi      0000
__Hsivt_lo                  sivt_lo      0000
__Hsmallconst               smallconst   0606
__Hspace_0                  (abs)        0ED8
__Hspace_1                  (abs)        008A
__Hspace_2                  (abs)        0000
__Hspace_4                  (abs)        0000
__Hstack                    stack        0000
__Hstruct                   struct       0000
__Htemp                     temp         0000
__Htext                     text         0000
__Htext0                    text0        0000
__Htext1                    text1        0000
__Htext10                   text10       0000
__Htext11                   text11       0000
__Htext12                   text12       0000
__Htext13                   text13       0000
__Htext14                   text14       0000
__Htext15                   text15       0000
__Htext2                    text2        0000
__Htext3                    text3        0000
__Htext4                    text4        0000
__Htext5                    text5        0000
__Htext6                    text6        0000
__Htext7                    text7        0000
__Htext8                    text8        0000
__Htext9                    text9        0000
__LRAM                      (abs)        0001
__L__absolute__             __absolute__ 0000
__Labs1                     abs1         0000
__Lbank0                    bank0        0000
__Lbank1                    bank1        0000
__Lbank2                    bank2        0000
__Lbank3                    bank3        0000
__Lbank4                    bank4        0000
__Lbank5                    bank5        0000
__Lbigbss                   bigbss       0000
__Lbigdata                  bigdata      0000
__Lbigram                   bigram       0000
__Lbigsfr                   bigsfr       0000
__Lbss                      bss          0000
__LbssBANK0                 bssBANK0     0000
__LbssCOMRAM                bssCOMRAM    0000
__Lcinit                    cinit        0000
__Lclrtext                  clrtext      0000
__Lcomram                   comram       0000
__Lconfig                   config       0000
__Lconst                    const        0000
__LcstackCOMRAM             cstackCOMRAM 0000
__Ldata                     data         0000
__LdataBANK0                dataBANK0    0000
__LdataCOMRAM               dataCOMRAM   0000
__Leeprom_data              eeprom_data  0000
__Lfarbss                   farbss       0000
__Lfardata                  fardata      0000
__Lheap                     heap         0000
__Libigdata                 ibigdata     0000
__Lidata                    idata        0000
__LidataBANK0               idataBANK0   0000
__LidataCOMRAM              idataCOMRAM  0000
__Lidloc                    idloc        0000
__Lifardata                 ifardata     0000
__Linit                     init         0000
__Lintcode                  intcode      0000
__Lintcode_body             intcode_body 0000
__Lintcodelo                intcodelo    0000
__Lintentry                 intentry     0000
__Lintret                   intret       0000
__Lintsave_regs             intsave_regs 0000
__Lirdata                   irdata       0000
__Lmediumconst              mediumconst  0000
__LnvFARRAM                 nvFARRAM     0000
__Lnvbit                    nvbit        0000
__Lnvrram                   nvrram       0000
__Lparam                    rparam       0000
__Lpowerup                  powerup      0000
__Lram                      ram          0000
__Lramtop                   ramtop       0600
__Lrbit                     rbit         0000
__Lrbss                     rbss         0000
__Lrdata                    rdata        0000
__Lreset_vec                reset_vec    0000
__Lrparam                   rparam       0000
__Lsfr                      sfr          0000
__Lsivt_hi                  sivt_hi      0000
__Lsivt_lo                  sivt_lo      0000
__Lsmallconst               smallconst   0600
__Lspace_0                  (abs)        0000
__Lspace_1                  (abs)        0000
__Lspace_2                  (abs)        0000
__Lspace_4                  (abs)        0000
__Lstack                    stack        0000
__Lstruct                   struct       0000
__Ltemp                     temp         0000
__Ltext                     text         0000
__Ltext0                    text0        0000
__Ltext1                    text1        0000
__Ltext10                   text10       0000
__Ltext11                   text11       0000
__Ltext12                   text12       0000
__Ltext13                   text13       0000
__Ltext14                   text14       0000
__Ltext15                   text15       0000
__Ltext2                    text2        0000
__Ltext3                    text3        0000
__Ltext4                    text4        0000
__Ltext5                    text5        0000
__Ltext6                    text6        0000
__Ltext7                    text7        0000
__Ltext8                    text8        0000
__Ltext9                    text9        0000
__S0                        (abs)        0ED8
__S1                        (abs)        008A
__S4                        (abs)        0000
__S5                        (abs)        0000
___awdiv                    text13       0854
___awdiv@counter            cstackCOMRAM 0005
___awdiv@dividend           cstackCOMRAM 0001
___awdiv@divisor            cstackCOMRAM 0003
___awdiv@quotient           cstackCOMRAM 0007
___awdiv@sign               cstackCOMRAM 0006
___awmod                    text12       0A8E
___awmod@counter            cstackCOMRAM 0005
___awmod@dividend           cstackCOMRAM 0001
___awmod@divisor            cstackCOMRAM 0003
___awmod@sign               cstackCOMRAM 0006
___heap_hi                  (abs)        0000
___heap_lo                  (abs)        0000
___inthi_sp                 stack        0000
___inthi_stack_hi           stack        0000
___inthi_stack_lo           stack        0000
___intlo_sp                 stack        0000
___intlo_stack_hi           stack        0000
___intlo_stack_lo           stack        0000
___param_bank               (abs)        0000
___rparam_used              (abs)        0001
___sp                       stack        0000
___stack_hi                 stack        0000
___stack_lo                 stack        0000
___wmul                     text5        0EA2
___wmul@multiplicand        cstackCOMRAM 0003
___wmul@multiplier          cstackCOMRAM 0001
___wmul@product             cstackCOMRAM 0005
__accesstop                 (abs)        0060
__activetblptr              (abs)        0002
__end_of___awdiv            text13       0918
__end_of___awmod            text12       0B3E
__end_of___wmul             text5        0EC8
__end_of__initialization    cinit        0D6E
__end_of_abs                text11       0EA2
__end_of_delay              text15       0DC0
__end_of_dtoa               text6        0746
__end_of_fputc              text9        0BE8
__end_of_fputs              text8        0E3A
__end_of_main               text0        09D8
__end_of_pad                text7        0D18
__end_of_putch              text10       0ED8
__end_of_read_prec_or_width text4        0C8E
__end_of_segment            text14       0A8E
__end_of_sprintf            text1        0E6E
__end_of_vfpfcnvrt          text3        0854
__end_of_vfprintf           text2        0DFE
__initialization            cinit        0D18
__mediumconst               mediumconst  0000
__pbssBANK0                 bssBANK0     0060
__pbssCOMRAM                bssCOMRAM    0052
__pcinit                    cinit        0D18
__pcstackCOMRAM             cstackCOMRAM 0001
__pdataBANK0                dataBANK0    0080
__pdataCOMRAM               dataCOMRAM   0057
__pidataBANK0               idataBANK0   0EC8
__pidataCOMRAM              idataCOMRAM  0ED2
__psmallconst               smallconst   0600
__ptext0                    text0        0918
__ptext1                    text1        0E3A
__ptext10                   text10       0ED6
__ptext11                   text11       0E6E
__ptext12                   text12       0A8E
__ptext13                   text13       0854
__ptext14                   text14       09D8
__ptext15                   text15       0D78
__ptext2                    text2        0DC0
__ptext3                    text3        0746
__ptext4                    text4        0BE8
__ptext5                    text5        0EA2
__ptext6                    text6        0606
__ptext7                    text7        0C8E
__ptext8                    text8        0DFE
__ptext9                    text9        0B3E
__ramtop                    ramtop       0600
__smallconst                smallconst   0600
_abs                        text11       0E6E
_dbuf                       bssBANK0     0060
_delay                      text15       0D78
_dtoa                       text6        0606
_dtoa$575                   cstackCOMRAM 0018
_flags                      bssCOMRAM    0056
_fputc                      text9        0B3E
_fputs                      text8        0DFE
_main                       text0        0918
_pad                        text7        0C8E
_port                       dataCOMRAM   0057
_prec                       bssCOMRAM    0054
_putch                      text10       0ED6
_read_prec_or_width         text4        0BE8
_seg                        dataBANK0    0080
_segment                    text14       09D8
_sprintf                    text1        0E3A
_vfpfcnvrt                  text3        0746
_vfprintf                   text2        0DC0
_width                      bssCOMRAM    0052
abs@a                       cstackCOMRAM 0007
delay@i                     cstackCOMRAM 0006
delay@j                     cstackCOMRAM 0001
dtoa@d                      cstackCOMRAM 0016
dtoa@fp                     cstackCOMRAM 0015
dtoa@i                      cstackCOMRAM 001E
dtoa@p                      cstackCOMRAM 001C
dtoa@s                      cstackCOMRAM 001D
dtoa@w                      cstackCOMRAM 001A
end_of_initialization       cinit        0D6E
fputc@c                     cstackCOMRAM 0001
fputc@fp                    cstackCOMRAM 0003
fputs@c                     cstackCOMRAM 000B
fputs@fp                    cstackCOMRAM 000A
fputs@i                     cstackCOMRAM 000C
fputs@s                     cstackCOMRAM 0009
intlevel0                   text         0000
intlevel1                   text         0000
intlevel2                   text         0000
intlevel3                   text         0000
isa$std                     (abs)        0001
isa$xinst                   (abs)        0000
main@adc                    cstackCOMRAM 004E
main@cnv                    cstackCOMRAM 003D
main@i                      cstackCOMRAM 004C
main@i_57                   cstackCOMRAM 0050
pad@buf                     cstackCOMRAM 000F
pad@fp                      cstackCOMRAM 000E
pad@i                       cstackCOMRAM 0013
pad@p                       cstackCOMRAM 0010
read_prec_or_width@ap       cstackCOMRAM 0008
read_prec_or_width@c        cstackCOMRAM 0009
read_prec_or_width@fmt      cstackCOMRAM 0007
read_prec_or_width@n        cstackCOMRAM 000A
segment@s                   cstackCOMRAM 0001
sprintf@ap                  cstackCOMRAM 0030
sprintf@f                   cstackCOMRAM 0031
sprintf@fmt                 cstackCOMRAM 002D
sprintf@s                   cstackCOMRAM 002C
stackhi                     (abs)        0000
stacklo                     (abs)        0000
start                       init         0000
start_initialization        cinit        0D18
vfpfcnvrt@ap                cstackCOMRAM 0022
vfpfcnvrt@convarg           cstackCOMRAM 0023
vfpfcnvrt@cp                cstackCOMRAM 0027
vfpfcnvrt@fmt               cstackCOMRAM 0021
vfpfcnvrt@fp                cstackCOMRAM 0020
vfprintf@ap                 cstackCOMRAM 002A
vfprintf@cfmt               cstackCOMRAM 002B
vfprintf@fmt                cstackCOMRAM 0029
vfprintf@fp                 cstackCOMRAM 0028


MODULE INFORMATION

Module		Function		Class		Link	Load	Size
C:\Program Files\Microchip\xc8\v2.46\pic\sources\c99\common\nf_fputc.c
		_fputc         		CODE           	0B3E	0000	170

C:\Program Files\Microchip\xc8\v2.46\pic\sources\c99\common\nf_fputc.c estimated size: 170

C:\Program Files\Microchip\xc8\v2.46\pic\sources\c99\common\awdiv.c
		___awdiv       		CODE           	0854	0000	196

C:\Program Files\Microchip\xc8\v2.46\pic\sources\c99\common\awdiv.c estimated size: 196

ADC_7Seg.c
		_delay         		CODE           	0D78	0000	72
		_segment       		CODE           	09D8	0000	182
		_main          		CODE           	0918	0000	192

ADC_7Seg.c estimated size: 446

C:\Program Files\Microchip\xc8\v2.46\pic\sources\c99\common\doprnt.c
		_read_prec_or_width		CODE           	0BE8	0000	166
		_vfpfcnvrt     		CODE           	0746	0000	270
		_pad           		CODE           	0C8E	0000	138
		_dtoa          		CODE           	0606	0000	320
		_vfprintf      		CODE           	0DC0	0000	62

C:\Program Files\Microchip\xc8\v2.46\pic\sources\c99\common\doprnt.c estimated size: 956

C:\Program Files\Microchip\xc8\v2.46\pic\sources\c99\common\nf_sprintf.c
		_sprintf       		CODE           	0E3A	0000	52

C:\Program Files\Microchip\xc8\v2.46\pic\sources\c99\common\nf_sprintf.c estimated size: 52

shared
		__initialization		CODE           	0D18	0000	86

shared estimated size: 86

C:\Program Files\Microchip\xc8\v2.46\pic\sources\c99\common\putch.c
		_putch         		CODE           	0ED6	0000	2

C:\Program Files\Microchip\xc8\v2.46\pic\sources\c99\common\putch.c estimated size: 2

C:\Program Files\Microchip\xc8\v2.46\pic\sources\c99\common\Umul16.c
		___wmul        		CODE           	0EA2	0000	38

C:\Program Files\Microchip\xc8\v2.46\pic\sources\c99\common\Umul16.c estimated size: 38

C:\Program Files\Microchip\xc8\v2.46\pic\sources\c99\common\nf_fputs.c
		_fputs         		CODE           	0DFE	0000	60

C:\Program Files\Microchip\xc8\v2.46\pic\sources\c99\common\nf_fputs.c estimated size: 60

C:\Program Files\Microchip\xc8\v2.46\pic\sources\c99\common\abs.c
		_abs           		CODE           	0E6E	0000	52

C:\Program Files\Microchip\xc8\v2.46\pic\sources\c99\common\abs.c estimated size: 52

C:\Program Files\Microchip\xc8\v2.46\pic\sources\c99\common\awmod.c
		___awmod       		CODE           	0A8E	0000	176

C:\Program Files\Microchip\xc8\v2.46\pic\sources\c99\common\awmod.c estimated size: 176

