Microchip MPLAB XC8 Compiler V2.46

Linker command line:

-W-3 \
  --edf=C:\Program Files\Microchip\xc8\v2.46\pic\dat\20240104201356_en.msgs \
  -cn -h+dist/default/production\ADC.X.production.sym \
  --cmf=dist/default/production\ADC.X.production.cmf -z -Q18F4580 \
  -oC:\Users\ASUS\AppData\Local\Temp\xcAs6n4.\driver_tmp_3.o \
  --defsym=__MPLAB_BUILD=1 --fixupoverflow=error \
  -Mdist/default/production/ADC.X.production.map \
  --md=C:\Users\ASUS\AppData\Local\Temp\xcAs6n4.\driver_tmp_0.dat -E1 \
  -ver=XC8 Compiler --acfsm=1493 -ACODE=01400h-07F00h -ACONST=01400h-07F00h \
  -ASMALLCONST=01400h-014FFhx107,07F00h-07F00h -AMEDIUMCONST=01400h-07F00h \
  -ACOMRAM=01h-05Fh -AABS1=00h-05FFh -ABIGRAM=01h-05FFh \
  -ARAM=060h-0FFh,0100h-01FFhx5 -ABANK0=060h-0FFh -ABANK1=0100h-01FFh \
  -ABANK2=0200h-02FFh -ABANK3=0300h-03FFh -ABANK4=0400h-04FFh \
  -ABANK5=0500h-05FFh -ASFR=0D00h-0DFFhx2,0F00h-0F5Fh,0F60h-0FFFh \
  -ABIGSFR=0D00h-0FFFh -ACONFIG=0300000h-030000Dh -AIDLOC=0200000h-0200007h \
  -AEEDATA=0F00000h-0F000FFh -peeprom_data=EEDATA \
  -preset_vec=00h,intcode,sivt_hi,intcodelo,sivt_lo,powerup,init \
  -pramtop=0600h -psmallconst=SMALLCONST -pmediumconst=MEDIUMCONST \
  -pconst=CONST -AFARRAM=00h-00h \
  -prdata=COMRAM,nvrram=COMRAM,nvbit=COMRAM,rbss=COMRAM,rbit=COMRAM \
  -pfarbss=FARRAM,fardata=FARRAM,nvFARRAM=FARRAM \
  -pintsave_regs=BIGRAM,bigbss=BIGRAM,bigdata=BIGRAM -pbss=RAM \
  -pidata=CODE,irdata=CODE,ibigdata=CODE,ifardata=CODE -prparam=COMRAM \
  C:\Users\ASUS\AppData\Local\Temp\xcAs6n4.\driver_tmp_14.o \
  dist/default/production\ADC.X.production.o 

Object code version is 3.11

Machine type is 18F4580



                Name                               Link     Load   Length Selector   Space Scale
C:\Users\ASUS\AppData\Local\Temp\xcAs6n4.\driver_tmp_14.o
                init                                  0        0        4        0       0
dist/default/production\ADC.X.production.o
                mediumconst                        7EF4     7EF4        C     3F7A       0
                text20                             7ACA     7ACA      42A     3D65       0
                text19                             75A6     75A6      106     3AD3       0
                text18                             7916     7916      1B4     3C8B       0
                text17                             7110     7110       48     3888       0
                text16                             6FEE     6FEE       36     37F7       0
                text15                             7024     7024       36     3812       0
                text14                             6F90     6F90       2A     37C8       0
                text13                             73EA     73EA       C4     39F5       0
                text12                             733A     733A       B0     399D       0
                text11                             6FBA     6FBA       34     37DD       0
                text10                             6F46     6F46        2     37A3       0
                text9                              71E2     71E2       AA     38F1       0
                text8                              7092     7092       3C     3849       0
                text7                              7158     7158       8A     38AC       0
                text6                              77D6     77D6      140     3BEB       0
                text5                              6F6A     6F6A       26     37B5       0
                text4                              728C     728C       AE     3946       0
                text3                              76AC     76AC      12A     3B56       0
                text2                              70CE     70CE       42     3867       0
                text1                              705A     705A       38     382D       0
                text0                              74AE     74AE       F8     3A57       0
                cstackCOMRAM                          1        1       51        1       1
                bssBANK0                             60       60       20       60       1
                bssCOMRAM                            52       52        B        1       1
                cinit                              6F48     6F48       22     37A4       0

TOTAL           Name                               Link     Load   Length     Space
        CLASS   CODE           
                init                                  0        0        4         0
                text20                             7ACA     7ACA      42A         0
                text19                             75A6     75A6      106         0
                text18                             7916     7916      1B4         0
                text17                             7110     7110       48         0
                text16                             6FEE     6FEE       36         0
                text15                             7024     7024       36         0
                text14                             6F90     6F90       2A         0
                text13                             73EA     73EA       C4         0
                text12                             733A     733A       B0         0
                text11                             6FBA     6FBA       34         0
                text10                             6F46     6F46        2         0
                text9                              71E2     71E2       AA         0
                text8                              7092     7092       3C         0
                text7                              7158     7158       8A         0
                text6                              77D6     77D6      140         0
                text5                              6F6A     6F6A       26         0
                text4                              728C     728C       AE         0
                text3                              76AC     76AC      12A         0
                text2                              70CE     70CE       42         0
                text1                              705A     705A       38         0
                text0                              74AE     74AE       F8         0
                cinit                              6F48     6F48       22         0

        CLASS   CONST          

        CLASS   SMALLCONST     

        CLASS   MEDIUMCONST    
                mediumconst                        7EF4     7EF4        C         0

        CLASS   COMRAM         
                cstackCOMRAM                          1        1       51         1
                bssCOMRAM                            52       52        B         1

        CLASS   ABS1           

        CLASS   BIGRAM         

        CLASS   RAM            

        CLASS   BANK0          
                bssBANK0                             60       60       20         1

        CLASS   BANK1          

        CLASS   BANK2          

        CLASS   BANK3          

        CLASS   BANK4          

        CLASS   BANK5          

        CLASS   SFR            

        CLASS   BIGSFR         

        CLASS   CONFIG         

        CLASS   IDLOC          

        CLASS   EEDATA         

        CLASS   FARRAM         

        CLASS   HEAP           

        CLASS   STACK          



SEGMENTS        Name                           Load    Length   Top    Selector   Space  Class

                reset_vec                      000000  000004  000004         0       0  CODE    
                cstackCOMRAM                   000001  00005C  00005D         1       1  COMRAM  
                bssBANK0                       000060  000020  000080        60       1  BANK0   
                text10                         006F46  000002  006F48      37A3       0  CODE    
                cinit                          006F48  000022  006F6A      37A4       0  CODE    
                text5                          006F6A  000026  006F90      37B5       0  CODE    
                text14                         006F90  00002A  006FBA      37C8       0  CODE    
                text11                         006FBA  000034  006FEE      37DD       0  CODE    
                text16                         006FEE  000036  007024      37F7       0  CODE    
                text15                         007024  000036  00705A      3812       0  CODE    
                text1                          00705A  000038  007092      382D       0  CODE    
                text8                          007092  00003C  0070CE      3849       0  CODE    
                text2                          0070CE  000042  007110      3867       0  CODE    
                text17                         007110  000048  007158      3888       0  CODE    
                text7                          007158  00008A  0071E2      38AC       0  CODE    
                text9                          0071E2  0000AA  00728C      38F1       0  CODE    
                text4                          00728C  0000AE  00733A      3946       0  CODE    
                text12                         00733A  0000B0  0073EA      399D       0  CODE    
                text13                         0073EA  0000C4  0074AE      39F5       0  CODE    
                text0                          0074AE  0000F8  0075A6      3A57       0  CODE    
                text19                         0075A6  000106  0076AC      3AD3       0  CODE    
                text3                          0076AC  00012A  0077D6      3B56       0  CODE    
                text6                          0077D6  000140  007916      3BEB       0  CODE    
                text18                         007916  0001B4  007ACA      3C8B       0  CODE    
                text20                         007ACA  00042A  007EF4      3D65       0  CODE    
                mediumconst                    007EF4  00000C  007F00      3F7A       0  MEDIUMCO


UNUSED ADDRESS RANGES

        Name                Unused          Largest block    Delta
        BANK0            0080-00FF             80
        BANK1            0100-01FF            100
        BANK2            0200-02FF            100
        BANK3            0300-03FF            100
        BANK4            0400-04FF            100
        BANK5            0500-05FF            100
        BIGRAM           005D-005F              3
                         0080-05FF            580
        BIGSFR           0D00-0FFF            300
        CODE             1400-6F45           5B46
                         7F00-7F00              1
        COMRAM           005D-005F              3
        CONFIG           300000-30000D              E
        CONST            1400-6F45           5B46
                         7F00-7F00              1
        EEDATA           F00000-F000FF            100
        IDLOC            200000-200007              8
        MEDIUMCONST      1400-6F45           5B46
                         7F00-7F00              1
        RAM              0080-05FF            100
        SFR              0D00-0FFF            100
        SMALLCONST       1400-6F45            100
                         7F00-7F00              1

                                  Symbol Table

?___awdiv                   cstackCOMRAM 0001
?___awmod                   cstackCOMRAM 0001
?___flmul                   cstackCOMRAM 000F
?___fltol                   cstackCOMRAM 0028
?___wmul                    cstackCOMRAM 0001
?___xxtofl                  cstackCOMRAM 0001
?_abs                       cstackCOMRAM 0007
?_read_prec_or_width        cstackCOMRAM 0007
?_sprintf                   cstackCOMRAM 0031
?_vfprintf                  cstackCOMRAM 002B
_ADCON0                     (abs)        0FC2
_ADCON1                     (abs)        0FC1
_ADCON2                     (abs)        0FC0
_ADIF                       (abs)        7CF6
_ADRES                      (abs)        0FC3
_GO                         (abs)        7E11
_PORTD                      (abs)        0F83
_RC0                        (abs)        7C10
_RC1                        (abs)        7C11
_TRISA                      (abs)        0F92
_TRISC                      (abs)        0F94
_TRISD                      (abs)        0F95
__HRAM                      (abs)        0000
__H__absolute__             __absolute__ 0000
__Habs1                     abs1         0000
__Hbank0                    bank0        0000
__Hbank1                    bank1        0000
__Hbank2                    bank2        0000
__Hbank3                    bank3        0000
__Hbank4                    bank4        0000
__Hbank5                    bank5        0000
__Hbigbss                   bigbss       0000
__Hbigdata                  bigdata      0000
__Hbigram                   bigram       0000
__Hbigsfr                   bigsfr       0000
__Hbss                      bss          0000
__HbssBANK0                 bssBANK0     0000
__HbssCOMRAM                bssCOMRAM    0000
__Hcinit                    cinit        0000
__Hclrtext                  clrtext      0000
__Hcomram                   comram       0000
__Hconfig                   config       0000
__Hconst                    const        0000
__HcstackCOMRAM             cstackCOMRAM 0000
__Hdata                     data         0000
__Heeprom_data              eeprom_data  0000
__Hfarbss                   farbss       0000
__Hfardata                  fardata      0000
__Hheap                     heap         0000
__Hibigdata                 ibigdata     0000
__Hidata                    idata        0000
__Hidloc                    idloc        0000
__Hifardata                 ifardata     0000
__Hinit                     init         0004
__Hintcode                  intcode      0000
__Hintcode_body             intcode_body 0000
__Hintcodelo                intcodelo    0000
__Hintentry                 intentry     0000
__Hintret                   intret       0000
__Hintsave_regs             intsave_regs 0000
__Hirdata                   irdata       0000
__Hmediumconst              mediumconst  7F00
__HnvFARRAM                 nvFARRAM     0000
__Hnvbit                    nvbit        0000
__Hnvrram                   nvrram       0000
__Hparam                    rparam       0000
__Hpowerup                  powerup      0000
__Hram                      ram          0000
__Hramtop                   ramtop       0600
__Hrbit                     rbit         0000
__Hrbss                     rbss         0000
__Hrdata                    rdata        0000
__Hreset_vec                reset_vec    0000
__Hrparam                   rparam       0000
__Hsfr                      sfr          0000
__Hsivt_hi                  sivt_hi      0000
__Hsivt_lo                  sivt_lo      0000
__Hsmallconst               smallconst   0000
__Hspace_0                  (abs)        7F00
__Hspace_1                  (abs)        0080
__Hspace_2                  (abs)        0000
__Hspace_4                  (abs)        0000
__Hstack                    stack        0000
__Hstruct                   struct       0000
__Htemp                     temp         0000
__Htext                     text         0000
__Htext0                    text0        0000
__Htext1                    text1        0000
__Htext10                   text10       0000
__Htext11                   text11       0000
__Htext12                   text12       0000
__Htext13                   text13       0000
__Htext14                   text14       0000
__Htext15                   text15       0000
__Htext16                   text16       0000
__Htext17                   text17       0000
__Htext18                   text18       0000
__Htext19                   text19       0000
__Htext2                    text2        0000
__Htext20                   text20       0000
__Htext3                    text3        0000
__Htext4                    text4        0000
__Htext5                    text5        0000
__Htext6                    text6        0000
__Htext7                    text7        0000
__Htext8                    text8        0000
__Htext9                    text9        0000
__LRAM                      (abs)        0001
__L__absolute__             __absolute__ 0000
__Labs1                     abs1         0000
__Lbank0                    bank0        0000
__Lbank1                    bank1        0000
__Lbank2                    bank2        0000
__Lbank3                    bank3        0000
__Lbank4                    bank4        0000
__Lbank5                    bank5        0000
__Lbigbss                   bigbss       0000
__Lbigdata                  bigdata      0000
__Lbigram                   bigram       0000
__Lbigsfr                   bigsfr       0000
__Lbss                      bss          0000
__LbssBANK0                 bssBANK0     0000
__LbssCOMRAM                bssCOMRAM    0000
__Lcinit                    cinit        0000
__Lclrtext                  clrtext      0000
__Lcomram                   comram       0000
__Lconfig                   config       0000
__Lconst                    const        0000
__LcstackCOMRAM             cstackCOMRAM 0000
__Ldata                     data         0000
__Leeprom_data              eeprom_data  0000
__Lfarbss                   farbss       0000
__Lfardata                  fardata      0000
__Lheap                     heap         0000
__Libigdata                 ibigdata     0000
__Lidata                    idata        0000
__Lidloc                    idloc        0000
__Lifardata                 ifardata     0000
__Linit                     init         0000
__Lintcode                  intcode      0000
__Lintcode_body             intcode_body 0000
__Lintcodelo                intcodelo    0000
__Lintentry                 intentry     0000
__Lintret                   intret       0000
__Lintsave_regs             intsave_regs 0000
__Lirdata                   irdata       0000
__Lmediumconst              mediumconst  7EF4
__LnvFARRAM                 nvFARRAM     0000
__Lnvbit                    nvbit        0000
__Lnvrram                   nvrram       0000
__Lparam                    rparam       0000
__Lpowerup                  powerup      0000
__Lram                      ram          0000
__Lramtop                   ramtop       0600
__Lrbit                     rbit         0000
__Lrbss                     rbss         0000
__Lrdata                    rdata        0000
__Lreset_vec                reset_vec    0000
__Lrparam                   rparam       0000
__Lsfr                      sfr          0000
__Lsivt_hi                  sivt_hi      0000
__Lsivt_lo                  sivt_lo      0000
__Lsmallconst               smallconst   0000
__Lspace_0                  (abs)        0000
__Lspace_1                  (abs)        0000
__Lspace_2                  (abs)        0000
__Lspace_4                  (abs)        0000
__Lstack                    stack        0000
__Lstruct                   struct       0000
__Ltemp                     temp         0000
__Ltext                     text         0000
__Ltext0                    text0        0000
__Ltext1                    text1        0000
__Ltext10                   text10       0000
__Ltext11                   text11       0000
__Ltext12                   text12       0000
__Ltext13                   text13       0000
__Ltext14                   text14       0000
__Ltext15                   text15       0000
__Ltext16                   text16       0000
__Ltext17                   text17       0000
__Ltext18                   text18       0000
__Ltext19                   text19       0000
__Ltext2                    text2        0000
__Ltext20                   text20       0000
__Ltext3                    text3        0000
__Ltext4                    text4        0000
__Ltext5                    text5        0000
__Ltext6                    text6        0000
__Ltext7                    text7        0000
__Ltext8                    text8        0000
__Ltext9                    text9        0000
__S0                        (abs)        7F00
__S1                        (abs)        0080
__S4                        (abs)        0000
__S5                        (abs)        0000
___awdiv                    text13       73EA
___awdiv@counter            cstackCOMRAM 0005
___awdiv@dividend           cstackCOMRAM 0001
___awdiv@divisor            cstackCOMRAM 0003
___awdiv@quotient           cstackCOMRAM 0007
___awdiv@sign               cstackCOMRAM 0006
___awmod                    text12       733A
___awmod@counter            cstackCOMRAM 0005
___awmod@dividend           cstackCOMRAM 0001
___awmod@divisor            cstackCOMRAM 0003
___awmod@sign               cstackCOMRAM 0006
___flmul                    text20       7ACA
___flmul@a                  cstackCOMRAM 0013
___flmul@aexp               cstackCOMRAM 0020
___flmul@b                  cstackCOMRAM 000F
___flmul@bexp               cstackCOMRAM 0021
___flmul@grs                cstackCOMRAM 001C
___flmul@prod               cstackCOMRAM 0022
___flmul@sign               cstackCOMRAM 001B
___flmul@temp               cstackCOMRAM 0026
___fltol                    text19       75A6
___fltol@exp1               cstackCOMRAM 0031
___fltol@f1                 cstackCOMRAM 0028
___fltol@sign1              cstackCOMRAM 0030
___heap_hi                  (abs)        0000
___heap_lo                  (abs)        0000
___inthi_sp                 stack        0000
___inthi_stack_hi           stack        0000
___inthi_stack_lo           stack        0000
___intlo_sp                 stack        0000
___intlo_stack_hi           stack        0000
___intlo_stack_lo           stack        0000
___param_bank               (abs)        0000
___rparam_used              (abs)        0001
___sp                       stack        0000
___stack_hi                 stack        0000
___stack_lo                 stack        0000
___wmul                     text5        6F6A
___wmul@multiplicand        cstackCOMRAM 0003
___wmul@multiplier          cstackCOMRAM 0001
___wmul@product             cstackCOMRAM 0005
___xxtofl                   text18       7916
___xxtofl@arg               cstackCOMRAM 000B
___xxtofl@exp               cstackCOMRAM 000A
___xxtofl@sign              cstackCOMRAM 0009
___xxtofl@val               cstackCOMRAM 0001
__accesstop                 (abs)        0060
__activetblptr              (abs)        0002
__end_of___awdiv            text13       74AE
__end_of___awmod            text12       73EA
__end_of___flmul            text20       7EF4
__end_of___fltol            text19       76AC
__end_of___wmul             text5        6F90
__end_of___xxtofl           text18       7ACA
__end_of__initialization    cinit        6F60
__end_of_abs                text11       6FEE
__end_of_cmd                text16       7024
__end_of_data               text15       705A
__end_of_delay              text17       7158
__end_of_display            text14       6FBA
__end_of_dtoa               text6        7916
__end_of_fputc              text9        728C
__end_of_fputs              text8        70CE
__end_of_main               text0        75A6
__end_of_pad                text7        71E2
__end_of_putch              text10       6F48
__end_of_read_prec_or_width text4        733A
__end_of_sprintf            text1        7092
__end_of_vfpfcnvrt          text3        77D6
__end_of_vfprintf           text2        7110
__initialization            cinit        6F48
__mediumconst               mediumconst  7EF4
__pbssBANK0                 bssBANK0     0060
__pbssCOMRAM                bssCOMRAM    0052
__pcinit                    cinit        6F48
__pcstackCOMRAM             cstackCOMRAM 0001
__pmediumconst              mediumconst  7EF4
__ptext0                    text0        74AE
__ptext1                    text1        705A
__ptext10                   text10       6F46
__ptext11                   text11       6FBA
__ptext12                   text12       733A
__ptext13                   text13       73EA
__ptext14                   text14       6F90
__ptext15                   text15       7024
__ptext16                   text16       6FEE
__ptext17                   text17       7110
__ptext18                   text18       7916
__ptext19                   text19       75A6
__ptext2                    text2        70CE
__ptext20                   text20       7ACA
__ptext3                    text3        76AC
__ptext4                    text4        728C
__ptext5                    text5        6F6A
__ptext6                    text6        77D6
__ptext7                    text7        7158
__ptext8                    text8        7092
__ptext9                    text9        71E2
__ramtop                    ramtop       0600
__smallconst                smallconst   0000
_abs                        text11       6FBA
_adc                        bssCOMRAM    005A
_cmd                        text16       6FEE
_data                       text15       7024
_dbuf                       bssBANK0     0060
_delay                      text17       7110
_display                    text14       6F90
_dtoa                       text6        77D6
_dtoa$593                   cstackCOMRAM 0018
_flags                      bssCOMRAM    005C
_fputc                      text9        71E2
_fputs                      text8        7092
_main                       text0        74AE
_pad                        text7        7158
_prec                       bssCOMRAM    0054
_putch                      text10       6F46
_read_prec_or_width         text4        728C
_result                     bssCOMRAM    0058
_sprintf                    text1        705A
_temp                       bssCOMRAM    0056
_vfpfcnvrt                  text3        76AC
_vfprintf                   text2        70CE
_width                      bssCOMRAM    0052
abs@a                       cstackCOMRAM 0007
cmd@a                       cstackCOMRAM 000A
data@a                      cstackCOMRAM 000A
delay@i                     cstackCOMRAM 0006
delay@j                     cstackCOMRAM 0001
display@p                   cstackCOMRAM 000B
dtoa@d                      cstackCOMRAM 0016
dtoa@fp                     cstackCOMRAM 0015
dtoa@i                      cstackCOMRAM 001E
dtoa@p                      cstackCOMRAM 001C
dtoa@s                      cstackCOMRAM 001D
dtoa@w                      cstackCOMRAM 001A
end_of_initialization       cinit        6F60
fputc@c                     cstackCOMRAM 0001
fputc@fp                    cstackCOMRAM 0003
fputs@c                     cstackCOMRAM 000B
fputs@fp                    cstackCOMRAM 000A
fputs@i                     cstackCOMRAM 000C
fputs@s                     cstackCOMRAM 0009
intlevel0                   text         0000
intlevel1                   text         0000
intlevel2                   text         0000
intlevel3                   text         0000
isa$std                     (abs)        0001
isa$xinst                   (abs)        0000
main@cnv                    cstackCOMRAM 0043
pad@buf                     cstackCOMRAM 000F
pad@fp                      cstackCOMRAM 000E
pad@i                       cstackCOMRAM 0013
pad@p                       cstackCOMRAM 0010
read_prec_or_width@ap       cstackCOMRAM 0008
read_prec_or_width@c        cstackCOMRAM 0009
read_prec_or_width@fmt      cstackCOMRAM 0007
read_prec_or_width@n        cstackCOMRAM 000A
sprintf@ap                  cstackCOMRAM 0036
sprintf@f                   cstackCOMRAM 0037
sprintf@fmt                 cstackCOMRAM 0032
sprintf@s                   cstackCOMRAM 0031
stackhi                     (abs)        0000
stacklo                     (abs)        0000
start                       init         0000
start_initialization        cinit        6F48
vfpfcnvrt@ap                cstackCOMRAM 0022
vfpfcnvrt@convarg           cstackCOMRAM 0025
vfpfcnvrt@cp                cstackCOMRAM 0029
vfpfcnvrt@fmt               cstackCOMRAM 0021
vfpfcnvrt@fp                cstackCOMRAM 0020
vfprintf@ap                 cstackCOMRAM 002E
vfprintf@cfmt               cstackCOMRAM 002F
vfprintf@fmt                cstackCOMRAM 002C
vfprintf@fp                 cstackCOMRAM 002B


MODULE INFORMATION

Module		Function		Class		Link	Load	Size
C:\Program Files\Microchip\xc8\v2.46\pic\sources\c99\common\fltol.c
		___fltol       		CODE           	75A6	0000	262

C:\Program Files\Microchip\xc8\v2.46\pic\sources\c99\common\fltol.c estimated size: 262

C:\Program Files\Microchip\xc8\v2.46\pic\sources\c99\common\nf_fputc.c
		_fputc         		CODE           	71E2	0000	170

C:\Program Files\Microchip\xc8\v2.46\pic\sources\c99\common\nf_fputc.c estimated size: 170

C:\Program Files\Microchip\xc8\v2.46\pic\sources\c99\common\awdiv.c
		___awdiv       		CODE           	73EA	0000	196

C:\Program Files\Microchip\xc8\v2.46\pic\sources\c99\common\awdiv.c estimated size: 196

C:\Program Files\Microchip\xc8\v2.46\pic\sources\c99\common\xxtofl.c
		___xxtofl      		CODE           	7916	0000	436

C:\Program Files\Microchip\xc8\v2.46\pic\sources\c99\common\xxtofl.c estimated size: 436

C:\Program Files\Microchip\xc8\v2.46\pic\sources\c99\common\sprcmul.c
		___flmul       		CODE           	7ACA	0000	1066

C:\Program Files\Microchip\xc8\v2.46\pic\sources\c99\common\sprcmul.c estimated size: 1066

Temp_Adc.c
		_delay         		CODE           	7110	0000	72
		_display       		CODE           	6F90	0000	42
		_main          		CODE           	74AE	0000	248
		_data          		CODE           	7024	0000	54
		_cmd           		CODE           	6FEE	0000	54

Temp_Adc.c estimated size: 470

C:\Program Files\Microchip\xc8\v2.46\pic\sources\c99\common\doprnt.c
		_read_prec_or_width		CODE           	728C	0000	174
		_vfpfcnvrt     		CODE           	76AC	0000	298
		_pad           		CODE           	7158	0000	138
		_dtoa          		CODE           	77D6	0000	320
		_vfprintf      		CODE           	70CE	0000	66

C:\Program Files\Microchip\xc8\v2.46\pic\sources\c99\common\doprnt.c estimated size: 996

C:\Program Files\Microchip\xc8\v2.46\pic\sources\c99\common\nf_sprintf.c
		_sprintf       		CODE           	705A	0000	56

C:\Program Files\Microchip\xc8\v2.46\pic\sources\c99\common\nf_sprintf.c estimated size: 56

shared
		__initialization		CODE           	6F48	0000	24

shared estimated size: 24

C:\Program Files\Microchip\xc8\v2.46\pic\sources\c99\common\putch.c
		_putch         		CODE           	6F46	0000	2

C:\Program Files\Microchip\xc8\v2.46\pic\sources\c99\common\putch.c estimated size: 2

C:\Program Files\Microchip\xc8\v2.46\pic\sources\c99\common\Umul16.c
		___wmul        		CODE           	6F6A	0000	38

C:\Program Files\Microchip\xc8\v2.46\pic\sources\c99\common\Umul16.c estimated size: 38

C:\Program Files\Microchip\xc8\v2.46\pic\sources\c99\common\nf_fputs.c
		_fputs         		CODE           	7092	0000	60

C:\Program Files\Microchip\xc8\v2.46\pic\sources\c99\common\nf_fputs.c estimated size: 60

C:\Program Files\Microchip\xc8\v2.46\pic\sources\c99\common\abs.c
		_abs           		CODE           	6FBA	0000	52

C:\Program Files\Microchip\xc8\v2.46\pic\sources\c99\common\abs.c estimated size: 52

C:\Program Files\Microchip\xc8\v2.46\pic\sources\c99\common\awmod.c
		___awmod       		CODE           	733A	0000	176

C:\Program Files\Microchip\xc8\v2.46\pic\sources\c99\common\awmod.c estimated size: 176

